
   Illuminate\Database\QueryException 

  SQLSTATE[HY000]: General error: 1364 Field 'industry' doesn't have a default value (Connection: mysql, Host: srv1832.hstgr.io, Port: 3306, Database: u934160505_atnd, SQL: insert into `tenants` (`domain`, `name`, `updated_at`, `created_at`) values (test.org, Test School, 2026-03-08 22:09:45, 2026-03-08 22:09:45))

  at vendor\laravel\framework\src\Illuminate\Database\Connection.php:838
    834Γûò             $exceptionType = $this->isUniqueConstraintError($e)
    835Γûò                 ? UniqueConstraintViolationException::class
    836Γûò                 : QueryException::class;
    837Γûò 
  Γ₧£ 838Γûò             throw new $exceptionType(
    839Γûò                 $this->getNameWithReadWriteType(),
    840Γûò                 $query,
    841Γûò                 $this->prepareBindings($bindings),
    842Γûò                 $e,

  1   vendor\laravel\framework\src\Illuminate\Database\MySqlConnection.php:53
      PDOException::("SQLSTATE[HY000]: General error: 1364 Field 'industry' doesn't have a default value")

  2   vendor\laravel\framework\src\Illuminate\Database\MySqlConnection.php:53
      PDOStatement::execute()

